23:50:52 **** Incremental Build of configuration Debug for project Practica5_2 ****
make -j4 all 
arm-none-eabi-gcc "../Src/main.c" -mcpu=cortex-m4 -std=gnu11 -g3 -DDEBUG -DSTM32 -DSTM32F429ZITx -DSTM32F4 -DNUCLEO_F429ZI -DUSE_HAL_DRIVER -DSTM32F429xx -c -I../Inc -I"/home/guille/CESE/PdM_workspace/Practica5_2/Drivers/STM32F4xx_HAL_Driver/Inc" -I"/home/guille/CESE/PdM_workspace/Practica5_2/Drivers/CMSIS/Include" -I"/home/guille/CESE/PdM_workspace/Practica5_2/Drivers/CMSIS/Device/ST/STM32F4xx/Include" -I"/home/guille/CESE/PdM_workspace/Practica5_2/Drivers/BSP/STM32F4xx_Nucleo_144" -I"/home/guille/CESE/PdM_workspace/Practica5_2/Drivers/Core/Inc" -I"/home/guille/CESE/PdM_workspace/Practica5_2/Drivers/API" -I"/home/guille/CESE/PdM_workspace/Practica5_2/Drivers/API/Inc" -I"/home/guille/CESE/PdM_workspace/Practica5_2/Drivers/API/Src" -O0 -ffunction-sections -fdata-sections -Wall -fstack-usage -MMD -MP -MF"Src/main.d" -MT"Src/main.o" --specs=nano.specs -mfpu=fpv4-sp-d16 -mfloat-abi=hard -mthumb -o "Src/main.o"
arm-none-eabi-gcc -o "Practica5_2.elf" @"objects.list"   -mcpu=cortex-m4 -T"/home/guille/CESE/PdM_workspace/Practica5_2/STM32F429ZITX_FLASH.ld" --specs=nosys.specs -Wl,-Map="Practica5_2.map" -Wl,--gc-sections -static --specs=nano.specs -mfpu=fpv4-sp-d16 -mfloat-abi=hard -mthumb -Wl,--start-group -lc -lm -Wl,--end-group
Finished building target: Practica5_2.elf
 
arm-none-eabi-size   Practica5_2.elf 
arm-none-eabi-objdump -h -S  Practica5_2.elf  > "Practica5_2.list"
   text	   data	    bss	    dec	    hex	filename
  12768	    140	   1692	  14600	   3908	Practica5_2.elf
Finished building: default.size.stdout
 
Finished building: Practica5_2.list
 
23:50:56 **** Incremental Build of configuration Debug for project Practica5_2 ****
make -j4 all 
arm-none-eabi-size   Practica5_2.elf 
   text	   data	    bss	    dec	    hex	filename
  12768	    140	   1692	  14600	   3908	Practica5_2.elf
Finished building: default.size.stdout
 
23:52:36 **** Incremental Build of configuration Debug for project Practica5_2 ****
make -j4 all 
arm-none-eabi-gcc "../Drivers/API/Src/API_debounce.c" -mcpu=cortex-m4 -std=gnu11 -g3 -DDEBUG -DSTM32 -DSTM32F429ZITx -DSTM32F4 -DNUCLEO_F429ZI -DUSE_HAL_DRIVER -DSTM32F429xx -c -I../Inc -I"/home/guille/CESE/PdM_workspace/Practica5_2/Drivers/STM32F4xx_HAL_Driver/Inc" -I"/home/guille/CESE/PdM_workspace/Practica5_2/Drivers/CMSIS/Include" -I"/home/guille/CESE/PdM_workspace/Practica5_2/Drivers/CMSIS/Device/ST/STM32F4xx/Include" -I"/home/guille/CESE/PdM_workspace/Practica5_2/Drivers/BSP/STM32F4xx_Nucleo_144" -I"/home/guille/CESE/PdM_workspace/Practica5_2/Drivers/Core/Inc" -I"/home/guille/CESE/PdM_workspace/Practica5_2/Drivers/API" -I"/home/guille/CESE/PdM_workspace/Practica5_2/Drivers/API/Inc" -I"/home/guille/CESE/PdM_workspace/Practica5_2/Drivers/API/Src" -O0 -ffunction-sections -fdata-sections -Wall -fstack-usage -MMD -MP -MF"Drivers/API/Src/API_debounce.d" -MT"Drivers/API/Src/API_debounce.o" --specs=nano.specs -mfpu=fpv4-sp-d16 -mfloat-abi=hard -mthumb -o "Drivers/API/Src/API_debounce.o"
../Drivers/API/Src/API_debounce.c: In function 'debounceFSM_update':
../Drivers/API/Src/API_debounce.c:121:5: warning: implicit declaration of function 'uartSendString' [-Wimplicit-function-declaration]
  121 |     uartSendString((uint8_t *) "DOWN\n\r");
      |     ^~~~~~~~~~~~~~
arm-none-eabi-gcc -o "Practica5_2.elf" @"objects.list"   -mcpu=cortex-m4 -T"/home/guille/CESE/PdM_workspace/Practica5_2/STM32F429ZITX_FLASH.ld" --specs=nosys.specs -Wl,-Map="Practica5_2.map" -Wl,--gc-sections -static --specs=nano.specs -mfpu=fpv4-sp-d16 -mfloat-abi=hard -mthumb -Wl,--start-group -lc -lm -Wl,--end-group
Finished building target: Practica5_2.elf
 
arm-none-eabi-size   Practica5_2.elf 
arm-none-eabi-objdump -h -S  Practica5_2.elf  > "Practica5_2.list"
   text	   data	    bss	    dec	    hex	filename
  12788	    140	   1692	  14620	   391c	Practica5_2.elf
Finished building: default.size.stdout
 
Finished building: Practica5_2.list
 
23:56:46 **** Incremental Build of configuration Debug for project Practica5_2 ****
make -j4 all 
arm-none-eabi-gcc "../Drivers/API/Src/API_debounce.c" -mcpu=cortex-m4 -std=gnu11 -g3 -DDEBUG -DSTM32 -DSTM32F429ZITx -DSTM32F4 -DNUCLEO_F429ZI -DUSE_HAL_DRIVER -DSTM32F429xx -c -I../Inc -I"/home/guille/CESE/PdM_workspace/Practica5_2/Drivers/STM32F4xx_HAL_Driver/Inc" -I"/home/guille/CESE/PdM_workspace/Practica5_2/Drivers/CMSIS/Include" -I"/home/guille/CESE/PdM_workspace/Practica5_2/Drivers/CMSIS/Device/ST/STM32F4xx/Include" -I"/home/guille/CESE/PdM_workspace/Practica5_2/Drivers/BSP/STM32F4xx_Nucleo_144" -I"/home/guille/CESE/PdM_workspace/Practica5_2/Drivers/Core/Inc" -I"/home/guille/CESE/PdM_workspace/Practica5_2/Drivers/API" -I"/home/guille/CESE/PdM_workspace/Practica5_2/Drivers/API/Inc" -I"/home/guille/CESE/PdM_workspace/Practica5_2/Drivers/API/Src" -O0 -ffunction-sections -fdata-sections -Wall -fstack-usage -MMD -MP -MF"Drivers/API/Src/API_debounce.d" -MT"Drivers/API/Src/API_debounce.o" --specs=nano.specs -mfpu=fpv4-sp-d16 -mfloat-abi=hard -mthumb -o "Drivers/API/Src/API_debounce.o"
arm-none-eabi-gcc -o "Practica5_2.elf" @"objects.list"   -mcpu=cortex-m4 -T"/home/guille/CESE/PdM_workspace/Practica5_2/STM32F429ZITX_FLASH.ld" --specs=nosys.specs -Wl,-Map="Practica5_2.map" -Wl,--gc-sections -static --specs=nano.specs -mfpu=fpv4-sp-d16 -mfloat-abi=hard -mthumb -Wl,--start-group -lc -lm -Wl,--end-group
Finished building target: Practica5_2.elf
 
arm-none-eabi-size   Practica5_2.elf 
arm-none-eabi-objdump -h -S  Practica5_2.elf  > "Practica5_2.list"
   text	   data	    bss	    dec	    hex	filename
  12768	    140	   1692	  14600	   3908	Practica5_2.elf
Finished building: default.size.stdout
 
Finished building: Practica5_2.list
 
23:58:30 **** Incremental Build of configuration Debug for project Practica5_2 ****
make -j4 all 
arm-none-eabi-gcc "../Drivers/API/Src/API_debounce.c" -mcpu=cortex-m4 -std=gnu11 -g3 -DDEBUG -DSTM32 -DSTM32F429ZITx -DSTM32F4 -DNUCLEO_F429ZI -DUSE_HAL_DRIVER -DSTM32F429xx -c -I../Inc -I"/home/guille/CESE/PdM_workspace/Practica5_2/Drivers/STM32F4xx_HAL_Driver/Inc" -I"/home/guille/CESE/PdM_workspace/Practica5_2/Drivers/CMSIS/Include" -I"/home/guille/CESE/PdM_workspace/Practica5_2/Drivers/CMSIS/Device/ST/STM32F4xx/Include" -I"/home/guille/CESE/PdM_workspace/Practica5_2/Drivers/BSP/STM32F4xx_Nucleo_144" -I"/home/guille/CESE/PdM_workspace/Practica5_2/Drivers/Core/Inc" -I"/home/guille/CESE/PdM_workspace/Practica5_2/Drivers/API" -I"/home/guille/CESE/PdM_workspace/Practica5_2/Drivers/API/Inc" -I"/home/guille/CESE/PdM_workspace/Practica5_2/Drivers/API/Src" -O0 -ffunction-sections -fdata-sections -Wall -fstack-usage -MMD -MP -MF"Drivers/API/Src/API_debounce.d" -MT"Drivers/API/Src/API_debounce.o" --specs=nano.specs -mfpu=fpv4-sp-d16 -mfloat-abi=hard -mthumb -o "Drivers/API/Src/API_debounce.o"
arm-none-eabi-gcc -o "Practica5_2.elf" @"objects.list"   -mcpu=cortex-m4 -T"/home/guille/CESE/PdM_workspace/Practica5_2/STM32F429ZITX_FLASH.ld" --specs=nosys.specs -Wl,-Map="Practica5_2.map" -Wl,--gc-sections -static --specs=nano.specs -mfpu=fpv4-sp-d16 -mfloat-abi=hard -mthumb -Wl,--start-group -lc -lm -Wl,--end-group
Finished building target: Practica5_2.elf
 
arm-none-eabi-size   Practica5_2.elf 
arm-none-eabi-objdump -h -S  Practica5_2.elf  > "Practica5_2.list"
   text	   data	    bss	    dec	    hex	filename
  12768	    140	   1692	  14600	   3908	Practica5_2.elf
Finished building: default.size.stdout
 
Finished building: Practica5_2.list
 
